{"tenderId":{"S":"20190724"},"productLotZone":{"S":"RS#23#EU"},"product":{"S":"RS"},"lot":{"S":"23"},"zone":{"S":"EU"},"deliveryDriverName":{"S":"Poste"},"deliveryDriverId":{"S":"POSTE"},"dematerializationCost":{"N":"0.09876"},"rangedCosts":{"L":[{"M":{"minWeight":{"N":"0"},"maxWeight":{"N":"20"},"cost":{"N":"0.00123"}}},{"M":{"minWeight":{"N":"21"},"maxWeight":{"N":"50"},"cost":{"N":"0.00987"}}},{"M":{"minWeight":{"N":"51"},"maxWeight":{"N":"100"},"cost":{"N":"0.01234"}}},{"M":{"minWeight":{"N":"101"},"maxWeight":{"N":"250"},"cost":{"N":"0.09876"}}},{"M":{"minWeight":{"N":"251"},"maxWeight":{"N":"350"},"cost":{"N":"0.12512"}}},{"M":{"minWeight":{"N":"351"},"maxWeight":{"N":"1000"},"cost":{"N":"0.43209"}}},{"M":{"minWeight":{"N":"1001"},"maxWeight":{"N":"2000"},"cost":{"N":"0.80123"}}}]},"createdAt":{"S":"2024-09-03T12:15:59.437Z"}}
{"tenderId":{"S":"20190724"},"productLotZone":{"S":"RS#23#AM"},"product":{"S":"RS"},"lot":{"S":"23"},"zone":{"S":"AM"},"deliveryDriverName":{"S":"Poste"},"deliveryDriverId":{"S":"POSTE"},"dematerializationCost":{"N":"0.09876"},"rangedCosts":{"L":[{"M":{"minWeight":{"N":"0"},"maxWeight":{"N":"20"},"cost":{"N":"0.00567"}}},{"M":{"minWeight":{"N":"21"},"maxWeight":{"N":"50"},"cost":{"N":"0.00999"}}},{"M":{"minWeight":{"N":"51"},"maxWeight":{"N":"100"},"cost":{"N":"0.09531"}}},{"M":{"minWeight":{"N":"101"},"maxWeight":{"N":"250"},"cost":{"N":"0.09976"}}},{"M":{"minWeight":{"N":"251"},"maxWeight":{"N":"350"},"cost":{"N":"0.91276"}}},{"M":{"minWeight":{"N":"351"},"maxWeight":{"N":"1000"},"cost":{"N":"1.19281"}}},{"M":{"minWeight":{"N":"1001"},"maxWeight":{"N":"2000"},"cost":{"N":"2.98765"}}}]},"createdAt":{"S":"2024-09-03T12:15:59.437Z"}}
{"tenderId":{"S":"20190724"},"productLotZone":{"S":"RS#23#CP"},"product":{"S":"RS"},"lot":{"S":"23"},"zone":{"S":"CP"},"deliveryDriverName":{"S":"Poste"},"deliveryDriverId":{"S":"POSTE"},"dematerializationCost":{"N":"0.09876"},"rangedCosts":{"L":[{"M":{"minWeight":{"N":"0"},"maxWeight":{"N":"20"},"cost":{"N":"0.00776"}}},{"M":{"minWeight":{"N":"21"},"maxWeight":{"N":"50"},"cost":{"N":"0.01387"}}},{"M":{"minWeight":{"N":"51"},"maxWeight":{"N":"100"},"cost":{"N":"0.01734"}}},{"M":{"minWeight":{"N":"101"},"maxWeight":{"N":"250"},"cost":{"N":"0.13876"}}},{"M":{"minWeight":{"N":"251"},"maxWeight":{"N":"350"},"cost":{"N":"0.52512"}}},{"M":{"minWeight":{"N":"351"},"maxWeight":{"N":"1000"},"cost":{"N":"0.93209"}}},{"M":{"minWeight":{"N":"1001"},"maxWeight":{"N":"2000"},"cost":{"N":"1.53409"}}}]},"createdAt":{"S":"2024-09-03T12:15:59.437Z"}}
{"tenderId":{"S":"20190724"},"productLotZone":{"S":"AR#28#EU"},"product":{"S":"AR"},"lot":{"S":"28"},"zone":{"S":"EU"},"deliveryDriverName":{"S":"Poste"},"deliveryDriverId":{"S":"POSTE"},"dematerializationCost":{"N":"0.15021"},"rangedCosts":{"L":[{"M":{"minWeight":{"N":"0"},"maxWeight":{"N":"20"},"cost":{"N":"0.00344"}}},{"M":{"minWeight":{"N":"21"},"maxWeight":{"N":"50"},"cost":{"N":"0.00675"}}},{"M":{"minWeight":{"N":"51"},"maxWeight":{"N":"100"},"cost":{"N":"0.06319"}}},{"M":{"minWeight":{"N":"101"},"maxWeight":{"N":"250"},"cost":{"N":"0.12315"}}},{"M":{"minWeight":{"N":"251"},"maxWeight":{"N":"350"},"cost":{"N":"0.18304"}}},{"M":{"minWeight":{"N":"351"},"maxWeight":{"N":"1000"},"cost":{"N":"0.55169"}}},{"M":{"minWeight":{"N":"1001"},"maxWeight":{"N":"2000"},"cost":{"N":"1.80353"}}}]},"createdAt":{"S":"2024-09-03T12:15:59.437Z"}}
{"tenderId":{"S":"20190724"},"productLotZone":{"S":"AR#28#AM"},"product":{"S":"AR"},"lot":{"S":"28"},"zone":{"S":"AM"},"deliveryDriverName":{"S":"Poste"},"deliveryDriverId":{"S":"POSTE"},"dematerializationCost":{"N":"0.15021"},"rangedCosts":{"L":[{"M":{"minWeight":{"N":"0"},"maxWeight":{"N":"20"},"cost":{"N":"0.00555"}}},{"M":{"minWeight":{"N":"21"},"maxWeight":{"N":"50"},"cost":{"N":"0.01299"}}},{"M":{"minWeight":{"N":"51"},"maxWeight":{"N":"100"},"cost":{"N":"0.09401"}}},{"M":{"minWeight":{"N":"101"},"maxWeight":{"N":"250"},"cost":{"N":"0.18996"}}},{"M":{"minWeight":{"N":"251"},"maxWeight":{"N":"350"},"cost":{"N":"0.19909"}}},{"M":{"minWeight":{"N":"351"},"maxWeight":{"N":"1000"},"cost":{"N":"1.19599"}}},{"M":{"minWeight":{"N":"1001"},"maxWeight":{"N":"2000"},"cost":{"N":"3.99998"}}}]},"createdAt":{"S":"2024-09-03T12:15:59.437Z"}}
{"tenderId":{"S":"20190724"},"productLotZone":{"S":"AR#28#CP"},"product":{"S":"AR"},"lot":{"S":"28"},"zone":{"S":"CP"},"deliveryDriverName":{"S":"Poste"},"deliveryDriverId":{"S":"POSTE"},"dematerializationCost":{"N":"0.15021"},"rangedCosts":{"L":[{"M":{"minWeight":{"N":"0"},"maxWeight":{"N":"20"},"cost":{"N":"0.00776"}}},{"M":{"minWeight":{"N":"21"},"maxWeight":{"N":"50"},"cost":{"N":"0.01387"}}},{"M":{"minWeight":{"N":"51"},"maxWeight":{"N":"100"},"cost":{"N":"0.01734"}}},{"M":{"minWeight":{"N":"101"},"maxWeight":{"N":"250"},"cost":{"N":"0.13876"}}},{"M":{"minWeight":{"N":"251"},"maxWeight":{"N":"350"},"cost":{"N":"0.52512"}}},{"M":{"minWeight":{"N":"351"},"maxWeight":{"N":"1000"},"cost":{"N":"0.93209"}}},{"M":{"minWeight":{"N":"1001"},"maxWeight":{"N":"2000"},"cost":{"N":"1.53409"}}}]},"createdAt":{"S":"2024-09-03T12:15:59.437Z"}}
{"tenderId":{"S":"20190724"},"productLotZone":{"S":"890#8#EU"},"product":{"S":"890"},"lot":{"S":"8"},"zone":{"S":"EU"},"deliveryDriverName":{"S":"Poste"},"deliveryDriverId":{"S":"POSTE"},"dematerializationCost":{"N":"0.09876"},"rangedCosts":{"L":[{"M":{"minWeight":{"N":"0"},"maxWeight":{"N":"20"},"cost":{"N":"0.00123"}}},{"M":{"minWeight":{"N":"21"},"maxWeight":{"N":"50"},"cost":{"N":"0.00987"}}},{"M":{"minWeight":{"N":"51"},"maxWeight":{"N":"100"},"cost":{"N":"0.01234"}}},{"M":{"minWeight":{"N":"101"},"maxWeight":{"N":"250"},"cost":{"N":"0.09876"}}},{"M":{"minWeight":{"N":"251"},"maxWeight":{"N":"350"},"cost":{"N":"0.12512"}}},{"M":{"minWeight":{"N":"351"},"maxWeight":{"N":"1000"},"cost":{"N":"0.43209"}}},{"M":{"minWeight":{"N":"1001"},"maxWeight":{"N":"2000"},"cost":{"N":"0.80123"}}}]},"createdAt":{"S":"2024-09-03T12:15:59.437Z"}}
{"tenderId":{"S":"20190724"},"productLotZone":{"S":"890#8#AM"},"product":{"S":"890"},"lot":{"S":"8"},"zone":{"S":"AM"},"deliveryDriverName":{"S":"Poste"},"deliveryDriverId":{"S":"POSTE"},"dematerializationCost":{"N":"0.09876"},"rangedCosts":{"L":[{"M":{"minWeight":{"N":"0"},"maxWeight":{"N":"20"},"cost":{"N":"0.00567"}}},{"M":{"minWeight":{"N":"21"},"maxWeight":{"N":"50"},"cost":{"N":"0.00999"}}},{"M":{"minWeight":{"N":"51"},"maxWeight":{"N":"100"},"cost":{"N":"0.09531"}}},{"M":{"minWeight":{"N":"101"},"maxWeight":{"N":"250"},"cost":{"N":"0.09976"}}},{"M":{"minWeight":{"N":"251"},"maxWeight":{"N":"350"},"cost":{"N":"0.91276"}}},{"M":{"minWeight":{"N":"351"},"maxWeight":{"N":"1000"},"cost":{"N":"1.19281"}}},{"M":{"minWeight":{"N":"1001"},"maxWeight":{"N":"2000"},"cost":{"N":"2.98765"}}}]},"createdAt":{"S":"2024-09-03T12:15:59.437Z"}}
{"tenderId":{"S":"20190724"},"productLotZone":{"S":"890#8#CP"},"product":{"S":"890"},"lot":{"S":"8"},"zone":{"S":"CP"},"deliveryDriverName":{"S":"Poste"},"deliveryDriverId":{"S":"POSTE"},"dematerializationCost":{"N":"0.09876"},"rangedCosts":{"L":[{"M":{"minWeight":{"N":"0"},"maxWeight":{"N":"20"},"cost":{"N":"0.00776"}}},{"M":{"minWeight":{"N":"21"},"maxWeight":{"N":"50"},"cost":{"N":"0.01387"}}},{"M":{"minWeight":{"N":"51"},"maxWeight":{"N":"100"},"cost":{"N":"0.01734"}}},{"M":{"minWeight":{"N":"101"},"maxWeight":{"N":"250"},"cost":{"N":"0.13876"}}},{"M":{"minWeight":{"N":"251"},"maxWeight":{"N":"350"},"cost":{"N":"0.52512"}}},{"M":{"minWeight":{"N":"351"},"maxWeight":{"N":"1000"},"cost":{"N":"0.93209"}}},{"M":{"minWeight":{"N":"1001"},"maxWeight":{"N":"2000"},"cost":{"N":"1.53409"}}}]},"createdAt":{"S":"2024-09-03T12:15:59.437Z"}}
{"tenderId":{"S":"20190724"},"productLotZone":{"S":"RS#UNCOVERED#EU"},"product":{"S":"RS"},"lot":{"S":"UNCOVERED"},"zone":{"S":"EU"},"deliveryDriverName":{"S":"FSU"},"deliveryDriverId":{"S":"FSU"},"dematerializationCost":{"N":"0.09876"},"rangedCosts":{"L":[{"M":{"minWeight":{"N":"0"},"maxWeight":{"N":"20"},"cost":{"N":"0.00776"}}},{"M":{"minWeight":{"N":"21"},"maxWeight":{"N":"50"},"cost":{"N":"0.01387"}}},{"M":{"minWeight":{"N":"51"},"maxWeight":{"N":"100"},"cost":{"N":"0.01734"}}},{"M":{"minWeight":{"N":"101"},"maxWeight":{"N":"250"},"cost":{"N":"0.13876"}}},{"M":{"minWeight":{"N":"251"},"maxWeight":{"N":"350"},"cost":{"N":"0.52512"}}},{"M":{"minWeight":{"N":"351"},"maxWeight":{"N":"1000"},"cost":{"N":"0.93209"}}},{"M":{"minWeight":{"N":"1001"},"maxWeight":{"N":"2000"},"cost":{"N":"1.53409"}}}]},"createdAt":{"S":"2024-09-03T12:15:59.437Z"}}
{"tenderId":{"S":"20190724"},"productLotZone":{"S":"RS#UNCOVERED#AM"},"product":{"S":"RS"},"lot":{"S":"UNCOVERED"},"zone":{"S":"AM"},"deliveryDriverName":{"S":"FSU"},"deliveryDriverId":{"S":"FSU"},"dematerializationCost":{"N":"0.09876"},"rangedCosts":{"L":[{"M":{"minWeight":{"N":"0"},"maxWeight":{"N":"20"},"cost":{"N":"0.00776"}}},{"M":{"minWeight":{"N":"21"},"maxWeight":{"N":"50"},"cost":{"N":"0.01387"}}},{"M":{"minWeight":{"N":"51"},"maxWeight":{"N":"100"},"cost":{"N":"0.01734"}}},{"M":{"minWeight":{"N":"101"},"maxWeight":{"N":"250"},"cost":{"N":"0.13876"}}},{"M":{"minWeight":{"N":"251"},"maxWeight":{"N":"350"},"cost":{"N":"0.52512"}}},{"M":{"minWeight":{"N":"351"},"maxWeight":{"N":"1000"},"cost":{"N":"0.93209"}}},{"M":{"minWeight":{"N":"1001"},"maxWeight":{"N":"2000"},"cost":{"N":"1.53409"}}}]},"createdAt":{"S":"2024-09-03T12:15:59.437Z"}}
{"tenderId":{"S":"20190724"},"productLotZone":{"S":"RS#UNCOVERED#CP"},"product":{"S":"RS"},"lot":{"S":"UNCOVERED"},"zone":{"S":"CP"},"deliveryDriverName":{"S":"FSU"},"deliveryDriverId":{"S":"FSU"},"dematerializationCost":{"N":"0.09876"},"rangedCosts":{"L":[{"M":{"minWeight":{"N":"0"},"maxWeight":{"N":"20"},"cost":{"N":"0.00776"}}},{"M":{"minWeight":{"N":"21"},"maxWeight":{"N":"50"},"cost":{"N":"0.01387"}}},{"M":{"minWeight":{"N":"51"},"maxWeight":{"N":"100"},"cost":{"N":"0.01734"}}},{"M":{"minWeight":{"N":"101"},"maxWeight":{"N":"250"},"cost":{"N":"0.13876"}}},{"M":{"minWeight":{"N":"251"},"maxWeight":{"N":"350"},"cost":{"N":"0.52512"}}},{"M":{"minWeight":{"N":"351"},"maxWeight":{"N":"1000"},"cost":{"N":"0.93209"}}},{"M":{"minWeight":{"N":"1001"},"maxWeight":{"N":"2000"},"cost":{"N":"1.53409"}}}]},"createdAt":{"S":"2024-09-03T12:15:59.437Z"}}
{"tenderId":{"S":"20190724"},"productLotZone":{"S":"AR#UNCOVERED#EU"},"product":{"S":"AR"},"lot":{"S":"UNCOVERED"},"zone":{"S":"EU"},"deliveryDriverName":{"S":"FSU"},"deliveryDriverId":{"S":"FSU"},"dematerializationCost":{"N":"0.09876"},"rangedCosts":{"L":[{"M":{"minWeight":{"N":"0"},"maxWeight":{"N":"20"},"cost":{"N":"0.00776"}}},{"M":{"minWeight":{"N":"21"},"maxWeight":{"N":"50"},"cost":{"N":"0.01387"}}},{"M":{"minWeight":{"N":"51"},"maxWeight":{"N":"100"},"cost":{"N":"0.01734"}}},{"M":{"minWeight":{"N":"101"},"maxWeight":{"N":"250"},"cost":{"N":"0.13876"}}},{"M":{"minWeight":{"N":"251"},"maxWeight":{"N":"350"},"cost":{"N":"0.52512"}}},{"M":{"minWeight":{"N":"351"},"maxWeight":{"N":"1000"},"cost":{"N":"0.93209"}}},{"M":{"minWeight":{"N":"1001"},"maxWeight":{"N":"2000"},"cost":{"N":"1.53409"}}}]},"createdAt":{"S":"2024-09-03T12:15:59.437Z"}}
{"tenderId":{"S":"20190724"},"productLotZone":{"S":"AR#UNCOVERED#AM"},"product":{"S":"AR"},"lot":{"S":"UNCOVERED"},"zone":{"S":"AM"},"deliveryDriverName":{"S":"FSU"},"deliveryDriverId":{"S":"FSU"},"dematerializationCost":{"N":"0.09876"},"rangedCosts":{"L":[{"M":{"minWeight":{"N":"0"},"maxWeight":{"N":"20"},"cost":{"N":"0.00776"}}},{"M":{"minWeight":{"N":"21"},"maxWeight":{"N":"50"},"cost":{"N":"0.01387"}}},{"M":{"minWeight":{"N":"51"},"maxWeight":{"N":"100"},"cost":{"N":"0.01734"}}},{"M":{"minWeight":{"N":"101"},"maxWeight":{"N":"250"},"cost":{"N":"0.13876"}}},{"M":{"minWeight":{"N":"251"},"maxWeight":{"N":"350"},"cost":{"N":"0.52512"}}},{"M":{"minWeight":{"N":"351"},"maxWeight":{"N":"1000"},"cost":{"N":"0.93209"}}},{"M":{"minWeight":{"N":"1001"},"maxWeight":{"N":"2000"},"cost":{"N":"1.53409"}}}]},"createdAt":{"S":"2024-09-03T12:15:59.437Z"}}
{"tenderId":{"S":"20190724"},"productLotZone":{"S":"AR#UNCOVERED#CP"},"product":{"S":"AR"},"lot":{"S":"UNCOVERED"},"zone":{"S":"CP"},"deliveryDriverName":{"S":"FSU"},"deliveryDriverId":{"S":"FSU"},"dematerializationCost":{"N":"0.09876"},"rangedCosts":{"L":[{"M":{"minWeight":{"N":"0"},"maxWeight":{"N":"20"},"cost":{"N":"0.00776"}}},{"M":{"minWeight":{"N":"21"},"maxWeight":{"N":"50"},"cost":{"N":"0.01387"}}},{"M":{"minWeight":{"N":"51"},"maxWeight":{"N":"100"},"cost":{"N":"0.01734"}}},{"M":{"minWeight":{"N":"101"},"maxWeight":{"N":"250"},"cost":{"N":"0.13876"}}},{"M":{"minWeight":{"N":"251"},"maxWeight":{"N":"350"},"cost":{"N":"0.52512"}}},{"M":{"minWeight":{"N":"351"},"maxWeight":{"N":"1000"},"cost":{"N":"0.93209"}}},{"M":{"minWeight":{"N":"1001"},"maxWeight":{"N":"2000"},"cost":{"N":"1.53409"}}}]},"createdAt":{"S":"2024-09-03T12:15:59.437Z"}}
{"tenderId":{"S":"20190724"},"productLotZone":{"S":"890#UNCOVERED#EU"},"product":{"S":"890"},"lot":{"S":"UNCOVERED"},"zone":{"S":"EU"},"deliveryDriverName":{"S":"FSU"},"deliveryDriverId":{"S":"FSU"},"dematerializationCost":{"N":"0.09876"},"rangedCosts":{"L":[{"M":{"minWeight":{"N":"0"},"maxWeight":{"N":"20"},"cost":{"N":"0.00776"}}},{"M":{"minWeight":{"N":"21"},"maxWeight":{"N":"50"},"cost":{"N":"0.01387"}}},{"M":{"minWeight":{"N":"51"},"maxWeight":{"N":"100"},"cost":{"N":"0.01734"}}},{"M":{"minWeight":{"N":"101"},"maxWeight":{"N":"250"},"cost":{"N":"0.13876"}}},{"M":{"minWeight":{"N":"251"},"maxWeight":{"N":"350"},"cost":{"N":"0.52512"}}},{"M":{"minWeight":{"N":"351"},"maxWeight":{"N":"1000"},"cost":{"N":"0.93209"}}},{"M":{"minWeight":{"N":"1001"},"maxWeight":{"N":"2000"},"cost":{"N":"1.53409"}}}]},"createdAt":{"S":"2024-09-03T12:15:59.437Z"}}
{"tenderId":{"S":"20190724"},"productLotZone":{"S":"890#UNCOVERED#AM"},"product":{"S":"890"},"lot":{"S":"UNCOVERED"},"zone":{"S":"AM"},"deliveryDriverName":{"S":"FSU"},"deliveryDriverId":{"S":"FSU"},"dematerializationCost":{"N":"0.09876"},"rangedCosts":{"L":[{"M":{"minWeight":{"N":"0"},"maxWeight":{"N":"20"},"cost":{"N":"0.00776"}}},{"M":{"minWeight":{"N":"21"},"maxWeight":{"N":"50"},"cost":{"N":"0.01387"}}},{"M":{"minWeight":{"N":"51"},"maxWeight":{"N":"100"},"cost":{"N":"0.01734"}}},{"M":{"minWeight":{"N":"101"},"maxWeight":{"N":"250"},"cost":{"N":"0.13876"}}},{"M":{"minWeight":{"N":"251"},"maxWeight":{"N":"350"},"cost":{"N":"0.52512"}}},{"M":{"minWeight":{"N":"351"},"maxWeight":{"N":"1000"},"cost":{"N":"0.93209"}}},{"M":{"minWeight":{"N":"1001"},"maxWeight":{"N":"2000"},"cost":{"N":"1.53409"}}}]},"createdAt":{"S":"2024-09-03T12:15:59.437Z"}}
{"tenderId":{"S":"20190724"},"productLotZone":{"S":"890#UNCOVERED#CP"},"product":{"S":"890"},"lot":{"S":"UNCOVERED"},"zone":{"S":"CP"},"deliveryDriverName":{"S":"FSU"},"deliveryDriverId":{"S":"FSU"},"dematerializationCost":{"N":"0.09876"},"rangedCosts":{"L":[{"M":{"minWeight":{"N":"0"},"maxWeight":{"N":"20"},"cost":{"N":"0.00776"}}},{"M":{"minWeight":{"N":"21"},"maxWeight":{"N":"50"},"cost":{"N":"0.01387"}}},{"M":{"minWeight":{"N":"51"},"maxWeight":{"N":"100"},"cost":{"N":"0.01734"}}},{"M":{"minWeight":{"N":"101"},"maxWeight":{"N":"250"},"cost":{"N":"0.13876"}}},{"M":{"minWeight":{"N":"251"},"maxWeight":{"N":"350"},"cost":{"N":"0.52512"}}},{"M":{"minWeight":{"N":"351"},"maxWeight":{"N":"1000"},"cost":{"N":"0.93209"}}},{"M":{"minWeight":{"N":"1001"},"maxWeight":{"N":"2000"},"cost":{"N":"1.53409"}}}]},"createdAt":{"S":"2024-09-03T12:15:59.437Z"}}