{"tenderProductGeokey":{"S":"20190724#RS#00100"},"activationDate":{"S":"2019-07-24T00:00:00.000Z"},"tenderId":{"S":"20190724"},"product":{"S":"RS"},"geokey":{"S":"00100"},"lot":{"S":"23"},"zone":{"S":"EU"},"coverFlag":{"BOOL":true},"dismissed":{"BOOL":false},"createdAt":{"S":"2024-09-03T12:15:59.442Z"}}
{"tenderProductGeokey":{"S":"20190724#AR#00100"},"activationDate":{"S":"2019-07-24T00:00:00.000Z"},"tenderId":{"S":"20190724"},"product":{"S":"AR"},"geokey":{"S":"00100"},"lot":{"S":"28"},"zone":{"S":"EU"},"coverFlag":{"BOOL":true},"dismissed":{"BOOL":false},"createdAt":{"S":"2024-09-03T12:15:59.442Z"}}
{"tenderProductGeokey":{"S":"20190724#890#00100"},"activationDate":{"S":"2019-07-24T00:00:00.000Z"},"tenderId":{"S":"20190724"},"product":{"S":"890"},"geokey":{"S":"00100"},"lot":{"S":"8"},"zone":{"S":"EU"},"coverFlag":{"BOOL":true},"dismissed":{"BOOL":false},"createdAt":{"S":"2024-09-03T12:15:59.442Z"}}
{"tenderProductGeokey":{"S":"20190724#RS#00101"},"activationDate":{"S":"2019-07-24T00:00:00.000Z"},"tenderId":{"S":"20190724"},"product":{"S":"RS"},"geokey":{"S":"00101"},"lot":{"S":"23"},"zone":{"S":"EU"},"coverFlag":{"BOOL":true},"dismissed":{"BOOL":false},"createdAt":{"S":"2024-09-03T12:15:59.442Z"}}
{"tenderProductGeokey":{"S":"20190724#AR#00101"},"activationDate":{"S":"2019-07-24T00:00:00.000Z"},"tenderId":{"S":"20190724"},"product":{"S":"AR"},"geokey":{"S":"00101"},"lot":{"S":"28"},"zone":{"S":"EU"},"coverFlag":{"BOOL":true},"dismissed":{"BOOL":false},"createdAt":{"S":"2024-09-03T12:15:59.442Z"}}
{"tenderProductGeokey":{"S":"20190724#890#00101"},"activationDate":{"S":"2019-07-24T00:00:00.000Z"},"tenderId":{"S":"20190724"},"product":{"S":"890"},"geokey":{"S":"00101"},"lot":{"S":"8"},"zone":{"S":"EU"},"coverFlag":{"BOOL":true},"dismissed":{"BOOL":false},"createdAt":{"S":"2024-09-03T12:15:59.442Z"}}
{"tenderProductGeokey":{"S":"20190724#890#00101"},"activationDate":{"S":"2019-07-31T00:00:00.000Z"},"tenderId":{"S":"20190724"},"product":{"S":"890"},"geokey":{"S":"00101"},"lot":{"S":"8"},"zone":{"S":"EU"},"coverFlag":{"BOOL":true},"dismissed":{"BOOL":true},"createdAt":{"S":"2024-09-03T12:15:59.442Z"}}
{"tenderProductGeokey":{"S":"20190724#RS#00102"},"activationDate":{"S":"2019-07-31T00:00:00.000Z"},"tenderId":{"S":"20190724"},"product":{"S":"RS"},"geokey":{"S":"00102"},"lot":{"S":"23"},"zone":{"S":"EU"},"coverFlag":{"BOOL":true},"dismissed":{"BOOL":false},"createdAt":{"S":"2024-09-03T12:15:59.442Z"}}
{"tenderProductGeokey":{"S":"20190724#AR#00102"},"activationDate":{"S":"2019-07-31T00:00:00.000Z"},"tenderId":{"S":"20190724"},"product":{"S":"AR"},"geokey":{"S":"00102"},"lot":{"S":"28"},"zone":{"S":"EU"},"coverFlag":{"BOOL":true},"dismissed":{"BOOL":false},"createdAt":{"S":"2024-09-03T12:15:59.442Z"}}
{"tenderProductGeokey":{"S":"20190724#890#00102"},"activationDate":{"S":"2019-07-31T00:00:00.000Z"},"tenderId":{"S":"20190724"},"product":{"S":"890"},"geokey":{"S":"00102"},"lot":{"S":"8"},"zone":{"S":"EU"},"coverFlag":{"BOOL":true},"dismissed":{"BOOL":false},"createdAt":{"S":"2024-09-03T12:15:59.442Z"}}