{"tenderId":{"S":"20190724"},"activationDate":{"S":"2019-07-24T00:00:00.000Z"},"tenderName":{"S":"20190724"},"vat":{"N":"22"},"nonDeductibleVat":{"N":"35"},"fee":{"N":"0.50025"},"pagePrice":{"N":"0.12345"},"basePriceAR":{"N":"0.05945"},"basePriceRS":{"N":"0.01234"},"basePrice890":{"N":"0.09432"},"createdAt":{"S":"2024-09-03T12:15:59.430Z"}}